
> amannual-travel@1.0.0 prebuild
> npm run check:blurs && npm run check:variants


> amannual-travel@1.0.0 check:blurs
> node scripts/check-blurs.js

OK: Found blur placeholders for all image bases in public/images

> amannual-travel@1.0.0 check:variants
> node scripts/check-variants.js

OK: All image bases have required AVIF/WebP variants for widths [ 400, 800 ]

> amannual-travel@1.0.0 build
> next build

  Γû▓ Next.js 14.2.35
  - Environments: .env.local

   Creating an optimized production build ...
 Γ£ô Compiled successfully
   Linting and checking validity of types ...

./app/admin/analytics/page.tsx
41:6  Warning: React Hook useEffect has a missing dependency: 'fetchAnalytics'. Either include it or remove the dependency array.  react-hooks/exhaustive-deps

./app/admin/bookings/page.tsx
29:6  Warning: React Hook useEffect has a missing dependency: 'fetchBookings'. Either include it or remove the dependency array.  react-hooks/exhaustive-deps

./app/admin/payments/page.tsx
24:6  Warning: React Hook useEffect has a missing dependency: 'fetchPayments'. Either include it or remove the dependency array.  react-hooks/exhaustive-deps

./components/GoogleAnalytics.tsx
136:6  Warning: React Hook useEffect has a missing dependency: 'pathname'. Either include it or remove the dependency array.  react-hooks/exhaustive-deps

info  - Need to disable some ESLint rules? Learn more here: https://nextjs.org/docs/basic-features/eslint#disabling-rules
   Collecting page data ...
   Generating static pages (0/61) ...
Error fetching stats: n [Error]: Dynamic server usage: Route /api/admin/stats couldn't be rendered statically because it used `headers`. See more info here: https://nextjs.org/docs/messages/dynamic-server-error
    at l (C:\Users\yonib\Downloads\Codex_files\.next\server\chunks\8948.js:1:37220)
    at d (C:\Users\yonib\Downloads\Codex_files\.next\server\chunks\5571.js:25:27718)
    at s (C:\Users\yonib\Downloads\Codex_files\.next\server\chunks\5571.js:25:20859)
    at l (C:\Users\yonib\Downloads\Codex_files\.next\server\app\api\admin\stats\route.js:1:1353)
    at C:\Users\yonib\Downloads\Codex_files\node_modules\next\dist\compiled\next-server\app-route.runtime.prod.js:6:38417
    at C:\Users\yonib\Downloads\Codex_files\node_modules\next\dist\server\lib\trace\tracer.js:140:36
    at NoopContextManager.with (C:\Users\yonib\Downloads\Codex_files\node_modules\next\dist\compiled\@opentelemetry\api\index.js:1:7062)
    at ContextAPI.with (C:\Users\yonib\Downloads\Codex_files\node_modules\next\dist\compiled\@opentelemetry\api\index.js:1:518)
    at NoopTracer.startActiveSpan (C:\Users\yonib\Downloads\Codex_files\node_modules\next\dist\compiled\@opentelemetry\api\index.js:1:18093)
    at ProxyTracer.startActiveSpan (C:\Users\yonib\Downloads\Codex_files\node_modules\next\dist\compiled\@opentelemetry\api\index.js:1:18854) {
  description: "Route /api/admin/stats couldn't be rendered statically because it used `headers`. See more info here: https://nextjs.org/docs/messages/dynamic-server-error",
  digest: 'DYNAMIC_SERVER_USAGE'
}
Error fetching users: n [Error]: Dynamic server usage: Route /api/admin/users couldn't be rendered statically because it used `headers`. See more info here: https://nextjs.org/docs/messages/dynamic-server-error
    at l (C:\Users\yonib\Downloads\Codex_files\.next\server\chunks\8948.js:1:37220)
    at d (C:\Users\yonib\Downloads\Codex_files\.next\server\chunks\5571.js:25:27718)
    at s (C:\Users\yonib\Downloads\Codex_files\.next\server\chunks\5571.js:25:20859)
    at p (C:\Users\yonib\Downloads\Codex_files\.next\server\app\api\admin\users\route.js:1:1859)
    at C:\Users\yonib\Downloads\Codex_files\node_modules\next\dist\compiled\next-server\app-route.runtime.prod.js:6:38417
    at C:\Users\yonib\Downloads\Codex_files\node_modules\next\dist\server\lib\trace\tracer.js:140:36
    at NoopContextManager.with (C:\Users\yonib\Downloads\Codex_files\node_modules\next\dist\compiled\@opentelemetry\api\index.js:1:7062)
    at ContextAPI.with (C:\Users\yonib\Downloads\Codex_files\node_modules\next\dist\compiled\@opentelemetry\api\index.js:1:518)
    at NoopTracer.startActiveSpan (C:\Users\yonib\Downloads\Codex_files\node_modules\next\dist\compiled\@opentelemetry\api\index.js:1:18093)
    at ProxyTracer.startActiveSpan (C:\Users\yonib\Downloads\Codex_files\node_modules\next\dist\compiled\@opentelemetry\api\index.js:1:18854) {
  description: "Route /api/admin/users couldn't be rendered statically because it used `headers`. See more info here: https://nextjs.org/docs/messages/dynamic-server-error",
  digest: 'DYNAMIC_SERVER_USAGE'
}
Error fetching payments: n [Error]: Dynamic server usage: Route /api/admin/payments couldn't be rendered statically because it used `headers`. See more info here: https://nextjs.org/docs/messages/dynamic-server-error
    at l (C:\Users\yonib\Downloads\Codex_files\.next\server\chunks\8948.js:1:37220)
    at u (C:\Users\yonib\Downloads\Codex_files\.next\server\app\api\webhooks\stripe\route.js:1:4574)
    at s (C:\Users\yonib\Downloads\Codex_files\.next\server\chunks\5571.js:25:20859)
    at d (C:\Users\yonib\Downloads\Codex_files\.next\server\app\api\admin\payments\route.js:1:1730)
    at C:\Users\yonib\Downloads\Codex_files\node_modules\next\dist\compiled\next-server\app-route.runtime.prod.js:6:38417
    at C:\Users\yonib\Downloads\Codex_files\node_modules\next\dist\server\lib\trace\tracer.js:140:36
    at NoopContextManager.with (C:\Users\yonib\Downloads\Codex_files\node_modules\next\dist\compiled\@opentelemetry\api\index.js:1:7062)
    at ContextAPI.with (C:\Users\yonib\Downloads\Codex_files\node_modules\next\dist\compiled\@opentelemetry\api\index.js:1:518)
    at NoopTracer.startActiveSpan (C:\Users\yonib\Downloads\Codex_files\node_modules\next\dist\compiled\@opentelemetry\api\index.js:1:18093)
    at ProxyTracer.startActiveSpan (C:\Users\yonib\Downloads\Codex_files\node_modules\next\dist\compiled\@opentelemetry\api\index.js:1:18854) {
  description: "Route /api/admin/payments couldn't be rendered statically because it used `headers`. See more info here: https://nextjs.org/docs/messages/dynamic-server-error",
  digest: 'DYNAMIC_SERVER_USAGE'
}
Error fetching analytics: n [Error]: Dynamic server usage: Route /api/admin/analytics couldn't be rendered statically because it used `headers`. See more info here: https://nextjs.org/docs/messages/dynamic-server-error
    at l (C:\Users\yonib\Downloads\Codex_files\.next\server\chunks\8948.js:1:37220)
    at d (C:\Users\yonib\Downloads\Codex_files\.next\server\chunks\5571.js:25:27718)
    at s (C:\Users\yonib\Downloads\Codex_files\.next\server\chunks\5571.js:25:20859)
    at c (C:\Users\yonib\Downloads\Codex_files\.next\server\app\api\admin\analytics\route.js:1:1779)
    at C:\Users\yonib\Downloads\Codex_files\node_modules\next\dist\compiled\next-server\app-route.runtime.prod.js:6:38417
    at C:\Users\yonib\Downloads\Codex_files\node_modules\next\dist\server\lib\trace\tracer.js:140:36
    at NoopContextManager.with (C:\Users\yonib\Downloads\Codex_files\node_modules\next\dist\compiled\@opentelemetry\api\index.js:1:7062)
    at ContextAPI.with (C:\Users\yonib\Downloads\Codex_files\node_modules\next\dist\compiled\@opentelemetry\api\index.js:1:518)
    at NoopTracer.startActiveSpan (C:\Users\yonib\Downloads\Codex_files\node_modules\next\dist\compiled\@opentelemetry\api\index.js:1:18093)
    at ProxyTracer.startActiveSpan (C:\Users\yonib\Downloads\Codex_files\node_modules\next\dist\compiled\@opentelemetry\api\index.js:1:18854) {
  description: "Route /api/admin/analytics couldn't be rendered statically because it used `headers`. See more info here: https://nextjs.org/docs/messages/dynamic-server-error",
  digest: 'DYNAMIC_SERVER_USAGE'
}
   Generating static pages (15/61) 
   Generating static pages (30/61) 
   Generating static pages (45/61) 
 Γ£ô Generating static pages (61/61)
   Finalizing page optimization ...
   Collecting build traces ...

Route (app)                                   Size     First Load JS
Γöî Γùï /                                         772 B           102 kB
Γö£ Γùï /_not-found                               876 B          88.2 kB
Γö£ Γùï /about                                    188 B          96.2 kB
Γö£ Γùï /admin                                    1.52 kB         107 kB
Γö£ Γùï /admin/analytics                          1.56 kB        88.9 kB
Γö£ Γùï /admin/blog                               1.73 kB        89.1 kB
Γö£ Γùï /admin/bookings                           1.56 kB        97.6 kB
Γö£ Γùï /admin/packages                           1.58 kB        97.6 kB
Γö£ Γùï /admin/payments                           1.5 kB         88.8 kB
Γö£ Γùï /admin/users                              1.27 kB        88.6 kB
Γö£ ╞Æ /api/admin/analytics                      0 B                0 B
Γö£ ╞Æ /api/admin/blog                           0 B                0 B
Γö£ ╞Æ /api/admin/blog/[slug]                    0 B                0 B
Γö£ ╞Æ /api/admin/payments                       0 B                0 B
Γö£ ╞Æ /api/admin/stats                          0 B                0 B
Γö£ ╞Æ /api/admin/users                          0 B                0 B
Γö£ ╞Æ /api/auth/[...nextauth]                   0 B                0 B
Γö£ ╞Æ /api/auth/register                        0 B                0 B
Γö£ ╞Æ /api/booking                              0 B                0 B
Γö£ ╞Æ /api/bookings                             0 B                0 B
Γö£ Γùï /api/health                               0 B                0 B
Γö£ ╞Æ /api/newsletter                           0 B                0 B
Γö£ ╞Æ /api/packages                             0 B                0 B
Γö£ ╞Æ /api/payments/create                      0 B                0 B
Γö£ ╞Æ /api/quotes                               0 B                0 B
Γö£ ╞Æ /api/reviews                              0 B                0 B
Γö£ ╞Æ /api/reviews/[id]/helpful                 0 B                0 B
Γö£ ╞Æ /api/user/wishlist                        0 B                0 B
Γö£ ╞Æ /api/user/wishlist/[id]                   0 B                0 B
Γö£ ╞Æ /api/webhooks/stripe                      0 B                0 B
Γö£ Γùï /auth/signin                              3.02 kB         109 kB
Γö£ Γùï /blog                                     9.13 kB         105 kB
Γö£ ΓùÅ /blog/[slug]                              188 B          96.2 kB
Γö£   Γö£ /blog/eritrea-travel-guide-2024
Γö£   Γö£ /blog/massawa-red-sea-beaches
Γö£   Γö£ /blog/visa-requirements-canada-eritrea
Γö£   Γöö [+4 more paths]
Γö£ Γùï /book                                     7.21 kB         103 kB
Γö£ Γùï /contact                                  1.94 kB        97.8 kB
Γö£ Γùï /content                                  188 B          96.2 kB
Γö£ Γùï /copyright                                459 B          87.8 kB
Γö£ Γùï /dashboard                                1.99 kB         108 kB
Γö£ Γùï /dashboard/bookings                       1.03 kB        88.4 kB
Γö£ Γùï /dashboard/profile                        1.54 kB        98.5 kB
Γö£ Γùï /dashboard/quotes                         2.43 kB        89.8 kB
Γö£ Γùï /dashboard/saved-packages                 1.02 kB        88.4 kB
Γö£ Γùï /dashboard/wishlist                       1.43 kB        88.8 kB
Γö£ Γùï /destinations                             3.42 kB        95.9 kB
Γö£ Γùï /faq                                      146 B          87.5 kB
Γö£ Γùï /flights                                  2.16 kB        89.5 kB
Γö£ Γùï /flights/results                          3.47 kB        99.5 kB
Γö£ Γùï /packages                                 1.79 kB        97.7 kB
Γö£ Γùï /policies                                 188 B          96.2 kB
Γö£ Γùï /policies/privacy                         481 B          96.5 kB
Γö£ Γùï /policies/refunds                         481 B          96.5 kB
Γö£ Γùï /policies/terms                           481 B          96.5 kB
Γö£ Γùï /reviews                                  2.14 kB        99.1 kB
Γö£ Γùï /robots.txt                               0 B                0 B
Γö£ Γùï /search                                   4.6 kB          101 kB
Γö£ Γùï /services                                 569 B            93 kB
Γöö Γùï /sitemap.xml                              0 B                0 B
+ First Load JS shared by all                 87.3 kB
  Γö£ chunks/2117-fbf9fb2c793a368d.js           31.7 kB
  Γö£ chunks/fd9d1056-d1d7422462ae6d01.js       53.6 kB
  Γöö other shared chunks (total)               1.95 kB


Γùï  (Static)   prerendered as static content
ΓùÅ  (SSG)      prerendered as static HTML (uses getStaticProps)
╞Æ  (Dynamic)  server-rendered on demand

